[hunderresidency0.wixsite.com/homestay-3.html]
[static.parastorage.com/services/wix-thunderbolt/dist/webpack-runtime.2fd5d3a5.bundle.min.js]
[static.parastorage.com/unpkg/core-js-bundle@3.2.1/minified.js]
[static.parastorage.com/unpkg/focus-within-polyfill@5.0.9/dist/focus-within-polyfill.js]
[hunderresidency0.wixsite.com/s.4.delayed]
[hunderresidency0.wixsite.com/t.5.delayed]
[backblue.gif]
[fade.gif]
[index.html]
[static.parastorage.com/services/editor-elements-library/dist/thunderbolt/media/sloppyframe.d2412ec4.png]
[hunderresidency0.wixsite.com/index.html]
[hunderresidency0.wixsite.com/homestay-3/team-4.html]
[static.wixstatic.com/media/42809c_2de169f50b504654845b517a8c565a61_mv2.jpg/v1/fill/w_96,h_75,al_c,q_80,usm_0.66_1.00_0.01,enc_avif,quality_auto/WhatsApp Image 2025-01-15 at 15_55_55_8c3f1c4f.jpg]
[static.wixstatic.com/media/42809c_f1e65ff0490b4aa9aba6570d2efc1df9_mv2.jpg/v1/fill/w_147,h_83,al_c,q_80,usm_0.66_1.00_0.01,blur_2,enc_avif,quality_auto/42809c_f1e65ff0490b4aa9aba6570d2efc1df9_mv2.jpg]
[static.wixstatic.com/media/42809c_440b6fde8a0b48ca9619a8b1fc065734_mv2.jpg/v1/fill/w_126,h_95,al_c,q_80,usm_0.66_1.00_0.01,blur_2,enc_avif,quality_auto/42809c_440b6fde8a0b48ca9619a8b1fc065734_mv2.jpg]
[hunderresidency0.wixsite.com/media/emptystate.85a4add5.b.delayed]
[static.wixstatic.com/media/42809c_031ee28f744446f18d236d3590dc9ae9_mv2.jpg/v1/fit/w_480,h_855,q_90,enc_avif,quality_auto/42809c_031ee28f744446f18d236d3590dc9ae9_mv2.jpg]
[static.wixstatic.com/media/42809c_dbcdc0442d574075b9dfe9d0a1a13f33_mv2.jpg/v1/fit/w_480,h_855,q_90,enc_avif,quality_auto/42809c_dbcdc0442d574075b9dfe9d0a1a13f33_mv2.jpg]
[static.wixstatic.com/media/42809c_c9fddc7016844504adadfcb120f3bad5_mv2.jpeg/v1/fit/w_473,h_477,q_90,enc_avif,quality_auto/42809c_c9fddc7016844504adadfcb120f3bad5_mv2.jpg]
[static.wixstatic.com/media/42809c_729ff7dd49864722940f0236d5ce5c16_mv2.jpg/v1/fit/w_473,h_477,q_90,enc_avif,quality_auto/42809c_729ff7dd49864722940f0236d5ce5c16_mv2.jpg]
[static.wixstatic.com/media/42809c_f851472566e1458cb0b168c0f1a07fb7_mv2.jpg/v1/fit/w_473,h_477,q_90,enc_avif,quality_auto/42809c_f851472566e1458cb0b168c0f1a07fb7_mv2.jpg]
[static.wixstatic.com/media/42809c_9f9522e365c44b72a168e827e44c2897_mv2.jpg/v1/fill/w_142,h_95,al_c,q_80,usm_0.66_1.00_0.01,blur_2,enc_avif,quality_auto/42809c_9f9522e365c44b72a168e827e44c2897_mv2.jpg]
[static.wixstatic.com/media/a9ff3b_e630dab1211b433ba1955369e2f15c16.png/v1/fill/w_20,h_17,al_c,q_85,usm_0.66_1.00_0.01,blur_3,enc_avif,quality_auto/a9ff3b_e630dab1211b433ba1955369e2f15c16.png]
[browser.sentry-cdn.com/7.120.3/bundle.tracing.es5.min.js]
[browser.sentry-cdn.com/7.120.3/modulemetadata.es5.min.js]
[hunderresidency0.wixsite.com/envelope/index.html]
[hunderresidency0.wixsite.com/api/index.html]
[hunderresidency0.wixsite.com/sitemap.15.delayed]
[hunderresidency0.wixsite.com/feed.16.delayed]
[static.parastorage.com/services/wix-thunderbolt/dist/thunderbolt-commons.adf6f190.bundle.min.js]
[static.parastorage.com/services/wix-thunderbolt/dist/main.efa82db0.bundle.min.js]
[static.parastorage.com/services/wix-thunderbolt/dist/main.renderer.a20626f8.bundle.min.js]
[static.parastorage.com/unpkg/lodash@4.17.21/lodash.min.js]
[static.parastorage.com/unpkg/react@18.3.1/umd/react.production.min.js]
[static.parastorage.com/unpkg/react-dom@18.3.1/umd/react-dom.production.min.js]
[static.parastorage.com/services/wix-thunderbolt/dist/browser-deprecation.bundle.es5.js]
[hunderresidency0.wixsite.com/decodeURIComponent(e.1e.delayed]
[static.parastorage.com/services/tag-manager-client/1.920.0/siteTags.bundle.min.js]
[hunderresidency0.wixsite.com/homestay-3.html]
[hunderresidency0.wixsite.com/s.html]
[hunderresidency0.wixsite.com/t.html]
[hunderresidency0.wixsite.com/index.html]
[hunderresidency0.wixsite.com/homestay-3/s.20.delayed]
[hunderresidency0.wixsite.com/homestay-3/t.21.delayed]
[static.wixstatic.com/media/a3c153_ea643fa0bec04606b8e22e51e7d510b4_mv2.jpg/v1/crop/x_0,y_24,w_4586,h_3377/fill/w_114,h_84,al_c,q_80,usm_0.66_1.00_0.01,blur_2,enc_avif,quality_auto/2.jpg]
[static.wixstatic.com/media/a3c153_d272d21cf9724e17be9e01ffe7173b88_mv2.jpg/v1/crop/x_10,y_32,w_4566,h_3367/fill/w_114,h_84,al_c,q_80,usm_0.66_1.00_0.01,blur_2,enc_avif,quality_auto/3.jpg]
[static.wixstatic.com/media/a3c153_91dc165103f9438bbc9a0216b278a11d_mv2.jpg/v1/crop/x_0,y_32,w_4586,h_3364/fill/w_114,h_84,al_c,q_80,usm_0.66_1.00_0.01,blur_2,enc_avif,quality_auto/1.jpg]
[static.wixstatic.com/media/a3c153_0225bd316b414eb88d3358ba488bde5e_mv2.jpg/v1/crop/x_0,y_32,w_4586,h_3364/fill/w_114,h_84,al_c,q_80,usm_0.66_1.00_0.01,blur_2,enc_avif,quality_auto/4.jpg]
[static.wixstatic.com/media/a3c153_52445da233db4ab6ba88eab5b99650de_mv2.jpg/v1/crop/x_0,y_32,w_4586,h_3364/fill/w_114,h_84,al_c,q_80,usm_0.66_1.00_0.01,blur_2,enc_avif,quality_auto/6.jpg]
[static.wixstatic.com/media/a3c153_2f3667a1cdf7440090d33d9145f6ba02_mv2.jpg/v1/crop/x_0,y_32,w_4586,h_3364/fill/w_114,h_84,al_c,q_80,usm_0.66_1.00_0.01,blur_2,enc_avif,quality_auto/3.jpg]
[static.wixstatic.com/media/a3c153_e1cd56ab05334f948876e7f1e1f372f4_mv2.jpg/v1/crop/x_0,y_32,w_4586,h_3364/fill/w_114,h_84,al_c,q_80,usm_0.66_1.00_0.01,blur_2,enc_avif,quality_auto/9.jpg]
[static.wixstatic.com/media/a3c153_4fbf193471274b32a3b02f343c685b14_mv2.jpg/v1/crop/x_10,y_32,w_4566,h_3367/fill/w_114,h_84,al_c,q_80,usm_0.66_1.00_0.01,blur_2,enc_avif,quality_auto/7.jpg]
[static.wixstatic.com/media/a3c153_8396ba861be2464eb57b1641c279ffcb_mv2.jpg/v1/crop/x_0,y_32,w_4586,h_3364/fill/w_114,h_84,al_c,q_80,usm_0.66_1.00_0.01,blur_2,enc_avif,quality_auto/8.jpg]
[hunderresidency0.wixsite.com/homestay-3/robots.2b.delayed]
[hunderresidency0.wixsite.com/homestay-3/sitemap.xml]
[hunderresidency0.wixsite.com/homestay-3/feed.2d.delayed]
[hunderresidency0.wixsite.com/homestay-3/decodeURIComponent(e.2e.delayed]
[hunderresidency0.wixsite.com/homestay-3/team-4.html]
[hunderresidency0.wixsite.com/media/emptystate.85a4add5.html]
[hunderresidency0.wixsite.com/api/index.html]
[hunderresidency0.wixsite.com/envelope/index.html]
[hunderresidency0.wixsite.com/sitemap.html]
[hunderresidency0.wixsite.com/feed.html]
[hunderresidency0.wixsite.com/decodeURIComponent(e.html]
[hunderresidency0.wixsite.com/homestay-3/s.html]
[hunderresidency0.wixsite.com/homestay-3/t.html]
[hunderresidency0.wixsite.com/homestay-3/robots.html]
[hunderresidency0.wixsite.com/homestay-3/feed.html]
[hunderresidency0.wixsite.com/homestay-3/decodeURIComponent(e.html]
